[behzodesonov.uz/index.html]
[backblue.gif]
[fade.gif]
[index.html]
[cdn.jsdelivr.net/npm/glightbox/dist/css/glightbox.min.css]
[behzodesonov.uz/images/shortcut-icon.svg]
[behzodesonov.uz/public/build/main.css]
[behzodesonov.uz/images/mountain-logo-white.svg]
[behzodesonov.uz/images/hero.png]
[behzodesonov.uz/images/social/001-telegram-white.svg]
[behzodesonov.uz/images/social/001-telegram.svg]
[behzodesonov.uz/images/social/002-facebook-white.svg]
[behzodesonov.uz/images/social/002-facebook.svg]
[behzodesonov.uz/images/social/003-instagram-white.svg]
[behzodesonov.uz/images/social/003-instagram.svg]
[behzodesonov.uz/images/social/004-youtube-white.svg]
[behzodesonov.uz/images/social/004-youtube.svg]
[behzodesonov.uz/images/icons/play-circle-hover.svg]
[behzodesonov.uz/images/icons/play-circle.svg]
[behzodesonov.uz/images/icons/feather-play-circle-hover.svg]
[behzodesonov.uz/images/icons/feather-play-circle.svg]
[behzodesonov.uz/index.html]
[cdn.jsdelivr.net/npm/glightbox/dist/css/glightbox.min.css]
[behzodesonov.uz/images/shortcut-icon.svg]
[cdn.jsdelivr.net/gh/mcstudios/glightbox/dist/js/glightbox.min.js]
[behzodesonov.uz/css/tailwind.css]
[behzodesonov.uz/public/build/main.css]
[behzodesonov.uz/images/mountain-logo-white.svg]
[behzodesonov.uz/images/social/001-telegram-white.svg]
[behzodesonov.uz/images/social/001-telegram.svg]
[behzodesonov.uz/images/social/002-facebook-white.svg]
[behzodesonov.uz/images/social/002-facebook.svg]
[behzodesonov.uz/images/social/003-instagram-white.svg]
[behzodesonov.uz/images/social/003-instagram.svg]
[behzodesonov.uz/images/social/004-youtube-white.svg]
[behzodesonov.uz/images/social/004-youtube.svg]
[behzodesonov.uz/images/icons/play-circle-hover.svg]
[behzodesonov.uz/images/icons/play-circle.svg]
[behzodesonov.uz/images/icons/feather-play-circle-hover.svg]
[behzodesonov.uz/images/icons/feather-play-circle.svg]
[behzodesonov.uz/css/base/base.css]
[behzodesonov.uz/css/base/base.css]
